// Jest Snapshot v1, https://goo.gl/fbAQLP

exports[`Tests on GameViewStats component Test GameViewStats with Snapshot test for UI changes 1`] = `
<div
  className="d-grid gap-2 col-8  my-5 mx-auto"
>
  <ul
    className="list-group"
  >
    <li
      className="list-group-item d-flex justify-content-between align-items-center active"
    >
      Game Stats
    </li>
    <li
      className="list-group-item d-flex justify-content-between align-items-center"
    >
      Increment every
       
      100
      ms
      <span
        className="badge bg-primary rounded-pill"
        data-testid="clickersIncrement"
      >
        14
      </span>
    </li>
    <li
      className="list-group-item d-flex justify-content-between align-items-center"
    >
      AutoClickers cost
       
      <span
        className="badge bg-primary rounded-pill"
        data-testid="autoClickerCost"
      >
        500
      </span>
    </li>
    <li
      className="list-group-item d-flex justify-content-between align-items-center"
    >
      MegaClickers cost
       
      <span
        className="badge bg-primary rounded-pill"
        data-testid="megaClickerCost"
      >
        2000
      </span>
    </li>
  </ul>
</div>
`;
