// Jest Snapshot v1, https://goo.gl/fbAQLP

exports[`Tests on RankingViewRow component Test RankingViewRow with Snapshot test for UI changes 1`] = `
<li
  className="list-group-item d-flex justify-content-between align-items-center"
  data-testid="RankingRow"
>
  username
  <span
    className="badge bg-secondary rounded-pill"
  >
    1.02K Hits
  </span>
</li>
`;
